Archive member included to satisfy reference by file (symbol)

D:/demo/app/cubeclt/STM32CubeCLT_1.19.0/GNU-tools-for-STM32/bin/../lib/gcc/arm-none-eabi/13.3.1/../../../../arm-none-eabi/lib/thumb/v7-m/nofp\libc_nano.a(libc_a-exit.o)
                              D:/demo/app/cubeclt/STM32CubeCLT_1.19.0/GNU-tools-for-STM32/bin/../lib/gcc/arm-none-eabi/13.3.1/../../../../arm-none-eabi/lib/thumb/v7-m/nofp/crt0.o (exit)
D:/demo/app/cubeclt/STM32CubeCLT_1.19.0/GNU-tools-for-STM32/bin/../lib/gcc/arm-none-eabi/13.3.1/../../../../arm-none-eabi/lib/thumb/v7-m/nofp\libc_nano.a(libc_a-findfp.o)
                              D:/demo/app/cubeclt/STM32CubeCLT_1.19.0/GNU-tools-for-STM32/bin/../lib/gcc/arm-none-eabi/13.3.1/../../../../arm-none-eabi/lib/thumb/v7-m/nofp\libc_nano.a(libc_a-exit.o) (__stdio_exit_handler)
D:/demo/app/cubeclt/STM32CubeCLT_1.19.0/GNU-tools-for-STM32/bin/../lib/gcc/arm-none-eabi/13.3.1/../../../../arm-none-eabi/lib/thumb/v7-m/nofp\libc_nano.a(libc_a-fwalk.o)
                              D:/demo/app/cubeclt/STM32CubeCLT_1.19.0/GNU-tools-for-STM32/bin/../lib/gcc/arm-none-eabi/13.3.1/../../../../arm-none-eabi/lib/thumb/v7-m/nofp\libc_nano.a(libc_a-findfp.o) (_fwalk_sglue)
D:/demo/app/cubeclt/STM32CubeCLT_1.19.0/GNU-tools-for-STM32/bin/../lib/gcc/arm-none-eabi/13.3.1/../../../../arm-none-eabi/lib/thumb/v7-m/nofp\libc_nano.a(libc_a-stdio.o)
                              D:/demo/app/cubeclt/STM32CubeCLT_1.19.0/GNU-tools-for-STM32/bin/../lib/gcc/arm-none-eabi/13.3.1/../../../../arm-none-eabi/lib/thumb/v7-m/nofp\libc_nano.a(libc_a-findfp.o) (__sread)
D:/demo/app/cubeclt/STM32CubeCLT_1.19.0/GNU-tools-for-STM32/bin/../lib/gcc/arm-none-eabi/13.3.1/../../../../arm-none-eabi/lib/thumb/v7-m/nofp\libc_nano.a(libc_a-memset.o)
                              D:/demo/app/cubeclt/STM32CubeCLT_1.19.0/GNU-tools-for-STM32/bin/../lib/gcc/arm-none-eabi/13.3.1/../../../../arm-none-eabi/lib/thumb/v7-m/nofp/crt0.o (memset)
D:/demo/app/cubeclt/STM32CubeCLT_1.19.0/GNU-tools-for-STM32/bin/../lib/gcc/arm-none-eabi/13.3.1/../../../../arm-none-eabi/lib/thumb/v7-m/nofp\libc_nano.a(libc_a-closer.o)
                              D:/demo/app/cubeclt/STM32CubeCLT_1.19.0/GNU-tools-for-STM32/bin/../lib/gcc/arm-none-eabi/13.3.1/../../../../arm-none-eabi/lib/thumb/v7-m/nofp\libc_nano.a(libc_a-stdio.o) (_close_r)
D:/demo/app/cubeclt/STM32CubeCLT_1.19.0/GNU-tools-for-STM32/bin/../lib/gcc/arm-none-eabi/13.3.1/../../../../arm-none-eabi/lib/thumb/v7-m/nofp\libc_nano.a(libc_a-reent.o)
                              D:/demo/app/cubeclt/STM32CubeCLT_1.19.0/GNU-tools-for-STM32/bin/../lib/gcc/arm-none-eabi/13.3.1/../../../../arm-none-eabi/lib/thumb/v7-m/nofp\libc_nano.a(libc_a-closer.o) (errno)
D:/demo/app/cubeclt/STM32CubeCLT_1.19.0/GNU-tools-for-STM32/bin/../lib/gcc/arm-none-eabi/13.3.1/../../../../arm-none-eabi/lib/thumb/v7-m/nofp\libc_nano.a(libc_a-impure.o)
                              D:/demo/app/cubeclt/STM32CubeCLT_1.19.0/GNU-tools-for-STM32/bin/../lib/gcc/arm-none-eabi/13.3.1/../../../../arm-none-eabi/lib/thumb/v7-m/nofp\libc_nano.a(libc_a-reent.o) (_impure_ptr)
D:/demo/app/cubeclt/STM32CubeCLT_1.19.0/GNU-tools-for-STM32/bin/../lib/gcc/arm-none-eabi/13.3.1/../../../../arm-none-eabi/lib/thumb/v7-m/nofp\libc_nano.a(libc_a-lseekr.o)
                              D:/demo/app/cubeclt/STM32CubeCLT_1.19.0/GNU-tools-for-STM32/bin/../lib/gcc/arm-none-eabi/13.3.1/../../../../arm-none-eabi/lib/thumb/v7-m/nofp\libc_nano.a(libc_a-stdio.o) (_lseek_r)
D:/demo/app/cubeclt/STM32CubeCLT_1.19.0/GNU-tools-for-STM32/bin/../lib/gcc/arm-none-eabi/13.3.1/../../../../arm-none-eabi/lib/thumb/v7-m/nofp\libc_nano.a(libc_a-readr.o)
                              D:/demo/app/cubeclt/STM32CubeCLT_1.19.0/GNU-tools-for-STM32/bin/../lib/gcc/arm-none-eabi/13.3.1/../../../../arm-none-eabi/lib/thumb/v7-m/nofp\libc_nano.a(libc_a-stdio.o) (_read_r)
D:/demo/app/cubeclt/STM32CubeCLT_1.19.0/GNU-tools-for-STM32/bin/../lib/gcc/arm-none-eabi/13.3.1/../../../../arm-none-eabi/lib/thumb/v7-m/nofp\libc_nano.a(libc_a-writer.o)
                              D:/demo/app/cubeclt/STM32CubeCLT_1.19.0/GNU-tools-for-STM32/bin/../lib/gcc/arm-none-eabi/13.3.1/../../../../arm-none-eabi/lib/thumb/v7-m/nofp\libc_nano.a(libc_a-stdio.o) (_write_r)
D:/demo/app/cubeclt/STM32CubeCLT_1.19.0/GNU-tools-for-STM32/bin/../lib/gcc/arm-none-eabi/13.3.1/../../../../arm-none-eabi/lib/thumb/v7-m/nofp\libc_nano.a(libc_a-init.o)
                              D:/demo/app/cubeclt/STM32CubeCLT_1.19.0/GNU-tools-for-STM32/bin/../lib/gcc/arm-none-eabi/13.3.1/../../../../arm-none-eabi/lib/thumb/v7-m/nofp/crt0.o (__libc_init_array)
D:/demo/app/cubeclt/STM32CubeCLT_1.19.0/GNU-tools-for-STM32/bin/../lib/gcc/arm-none-eabi/13.3.1/../../../../arm-none-eabi/lib/thumb/v7-m/nofp\libc_nano.a(libc_a-lock.o)
                              D:/demo/app/cubeclt/STM32CubeCLT_1.19.0/GNU-tools-for-STM32/bin/../lib/gcc/arm-none-eabi/13.3.1/../../../../arm-none-eabi/lib/thumb/v7-m/nofp\libc_nano.a(libc_a-findfp.o) (__retarget_lock_init_recursive)
[...]
Memory Configuration

Name             Origin             Length             Attributes
RAM              0x20000000         0x00005000         xrw
FLASH            0x08000000         0x00010000         xr
*default*        0x00000000         0xffffffff

Linker script and memory map

LOAD D:/demo/app/cubeclt/STM32CubeCLT_1.19.0/GNU-tools-for-STM32/bin/../lib/gcc/arm-none-eabi/13.3.1/thumb/v7-m/nofp/crti.o
LOAD D:/demo/app/cubeclt/STM32CubeCLT_1.19.0/GNU-tools-for-STM32/bin/../lib/gcc/arm-none-eabi/13.3.1/thumb/v7-m/nofp/crtbegin.o
LOAD D:/demo/app/cubeclt/STM32CubeCLT_1.19.0/GNU-tools-for-STM32/bin/../lib/gcc/arm-none-eabi/13.3.1/../../../../arm-none-eabi/lib/thumb/v7-m/nofp/crt0.o
START GROUP
LOAD D:/demo/app/cubeclt/STM32CubeCLT_1.19.0/GNU-tools-for-STM32/bin/../lib/gcc/arm-none-eabi/13.3.1/../../../../arm-none-eabi/lib/thumb/v7-m/nofp\libc_nano.a
LOAD D:/demo/app/cubeclt/STM32CubeCLT_1.19.0/GNU-tools-for-STM32/bin/../lib/gcc/arm-none-eabi/13.3.1/../../../../arm-none-eabi/lib/thumb/v7-m/nofp\libm.a
END GROUP
LOAD CMakeFiles/project.dir/Core/Src/main.c.obj
LOAD CMakeFiles/project.dir/Core/Src/stm32f1xx_it.c.obj
LOAD CMakeFiles/project.dir/Core/Src/stm32f1xx_hal_msp.c.obj
LOAD CMakeFiles/project.dir/Drivers/STM32F1xx_HAL_Driver/Src/stm32f1xx_hal_gpio_ex.c.obj
LOAD CMakeFiles/project.dir/Drivers/STM32F1xx_HAL_Driver/Src/stm32f1xx_hal_adc.c.obj
LOAD CMakeFiles/project.dir/Drivers/STM32F1xx_HAL_Driver/Src/stm32f1xx_hal_adc_ex.c.obj
LOAD CMakeFiles/project.dir/Drivers/STM32F1xx_HAL_Driver/Src/stm32f1xx_hal.c.obj
LOAD CMakeFiles/project.dir/Drivers/STM32F1xx_HAL_Driver/Src/stm32f1xx_hal_rcc.c.obj
LOAD CMakeFiles/project.dir/Drivers/STM32F1xx_HAL_Driver/Src/stm32f1xx_hal_rcc_ex.c.obj
LOAD CMakeFiles/project.dir/Drivers/STM32F1xx_HAL_Driver/Src/stm32f1xx_hal_gpio.c.obj
LOAD CMakeFiles/project.dir/Drivers/STM32F1xx_HAL_Driver/Src/stm32f1xx_hal_dma.c.obj
LOAD CMakeFiles/project.dir/Drivers/STM32F1xx_HAL_Driver/Src/stm32f1xx_hal_cortex.c.obj
LOAD CMakeFiles/project.dir/Drivers/STM32F1xx_HAL_Driver/Src/stm32f1xx_hal_pwr.c.obj
LOAD CMakeFiles/project.dir/Drivers/STM32F1xx_HAL_Driver/Src/stm32f1xx_hal_flash.c.obj
LOAD CMakeFiles/project.dir/Drivers/STM32F1xx_HAL_Driver/Src/stm32f1xx_hal_flash_ex.c.obj
LOAD CMakeFiles/project.dir/Drivers/STM32F1xx_HAL_Driver/Src/stm32f1xx_hal_exti.c.obj
LOAD CMakeFiles/project.dir/Drivers/STM32F1xx_HAL_Driver/Src/stm32f1xx_hal_tim.c.obj
LOAD CMakeFiles/project.dir/Drivers/STM32F1xx_HAL_Driver/Src/stm32f1xx_hal_tim_ex.c.obj
LOAD CMakeFiles/project.dir/Drivers/STM32F1xx_HAL_Driver/Src/stm32f1xx_hal_uart.c.obj
LOAD CMakeFiles/project.dir/Core/Src/system_stm32f1xx.c.obj
LOAD CMakeFiles/project.dir/Core/Src/sysmem.c.obj
LOAD CMakeFiles/project.dir/Core/Src/syscalls.c.obj
LOAD CMakeFiles/project.dir/startup_stm32f103xb.s.obj
START GROUP
LOAD D:/demo/app/cubeclt/STM32CubeCLT_1.19.0/GNU-tools-for-STM32/bin/../lib/gcc/arm-none-eabi/13.3.1/thumb/v7-m/nofp\libgcc.a
LOAD D:/demo/app/cubeclt/STM32CubeCLT_1.19.0/GNU-tools-for-STM32/bin/../lib/gcc/arm-none-eabi/13.3.1/../../../../arm-none-eabi/lib/thumb/v7-m/nofp\libg_nano.a
LOAD D:/demo/app/cubeclt/STM32CubeCLT_1.19.0/GNU-tools-for-STM32/bin/../lib/gcc/arm-none-eabi/13.3.1/../../../../arm-none-eabi/lib/thumb/v7-m/nofp\libc_nano.a
END GROUP
START GROUP
LOAD D:/demo/app/cubeclt/STM32CubeCLT_1.19.0/GNU-tools-for-STM32/bin/../lib/gcc/arm-none-eabi/13.3.1/thumb/v7-m/nofp\libgcc.a
LOAD D:/demo/app/cubeclt/STM32CubeCLT_1.19.0/GNU-tools-for-STM32/bin/../lib/gcc/arm-none-eabi/13.3.1/../../../../arm-none-eabi/lib/thumb/v7-m/nofp\libc_nano.a
END GROUP
LOAD D:/demo/app/cubeclt/STM32CubeCLT_1.19.0/GNU-tools-for-STM32/bin/../lib/gcc/arm-none-eabi/13.3.1/thumb/v7-m/nofp/crtend.o
LOAD D:/demo/app/cubeclt/STM32CubeCLT_1.19.0/GNU-tools-for-STM32/bin/../lib/gcc/arm-none-eabi/13.3.1/thumb/v7-m/nofp/crtn.o
                0x20005000                        _estack = (ORIGIN (RAM) + LENGTH (RAM))
                0x00000200                        _Min_Heap_Size = 0x200
                0x00000400                        _Min_Stack_Size = 0x400

.isr_vector     0x08000000      0x10c
                0x08000000                        . = ALIGN (0x4)
 *(.isr_vector)
 .isr_vector    0x08000000      0x10c CMakeFiles/project.dir/startup_stm32f103xb.s.obj
                0x08000000                g_pfnVectors
                0x0800010c                        . = ALIGN (0x4)

.text           0x0800010c     0x1a4c
                0x0800010c                        . = ALIGN (0x4)
 *(.text)
 .text          0x0800010c       0x40 D:/demo/app/cubeclt/STM32CubeCLT_1.19.0/GNU-tools-for-STM32/bin/../lib/gcc/arm-none-eabi/13.3.1/thumb/v7-m/nofp/crtbegin.o
 *(.text*)
 .text.memset   0x0800014c       0x10 D:/demo/app/cubeclt/STM32CubeCLT_1.19.0/GNU-tools-for-STM32/bin/../lib/gcc/arm-none-eabi/13.3.1/../../../../arm-none-eabi/lib/thumb/v7-m/nofp\libc_nano.a(libc_a-memset.o)
                0x0800014c                memset
 .text.__libc_init_array
                0x0800015c       0x48 D:/demo/app/cubeclt/STM32CubeCLT_1.19.0/GNU-tools-for-STM32/bin/../lib/gcc/arm-none-eabi/13.3.1/../../../../arm-none-eabi/lib/thumb/v7-m/nofp\libc_nano.a(libc_a-init.o)
                0x0800015c                __libc_init_array
 .text.main     0x080001a4       0x1c CMakeFiles/project.dir/Core/Src/main.c.obj
                0x080001a4                main
 .text.SystemClock_Config
                0x080001c0       0xa0 CMakeFiles/project.dir/Core/Src/main.c.obj
                0x080001c0                SystemClock_Config
 .text.MX_ADC1_Init
                0x08000260       0x7c CMakeFiles/project.dir/Core/Src/main.c.obj
 .text.MX_USART1_UART_Init
                0x080002dc       0x54 CMakeFiles/project.dir/Core/Src/main.c.obj
 .text.MX_GPIO_Init
                0x08000330       0xb0 CMakeFiles/project.dir/Core/Src/main.c.obj
 .text.Error_Handler
                0x080003e0        0xc CMakeFiles/project.dir/Core/Src/main.c.obj
                0x080003e0                Error_Handler
 .text.NMI_Handler
                0x080003ec        0x8 CMakeFiles/project.dir/Core/Src/stm32f1xx_it.c.obj
                0x080003ec                NMI_Handler
 .text.HardFault_Handler
                0x080003f4        0x8 CMakeFiles/project.dir/Core/Src/stm32f1xx_it.c.obj
                0x080003f4                HardFault_Handler
 .text.MemManage_Handler
                0x080003fc        0x8 CMakeFiles/project.dir/Core/Src/stm32f1xx_it.c.obj
                0x080003fc                MemManage_Handler
 .text.BusFault_Handler
                0x08000404        0x8 CMakeFiles/project.dir/Core/Src/stm32f1xx_it.c.obj
                0x08000404                BusFault_Handler
 .text.UsageFault_Handler
                0x0800040c        0x8 CMakeFiles/project.dir/Core/Src/stm32f1xx_it.c.obj
                0x0800040c                UsageFault_Handler
 .text.SVC_Handler
                0x08000414        0xc CMakeFiles/project.dir/Core/Src/stm32f1xx_it.c.obj
                0x08000414                SVC_Handler
 .text.DebugMon_Handler
                0x08000420        0xc CMakeFiles/project.dir/Core/Src/stm32f1xx_it.c.obj
                0x08000420                DebugMon_Handler
 .text.PendSV_Handler
                0x0800042c        0xc CMakeFiles/project.dir/Core/Src/stm32f1xx_it.c.obj
                0x0800042c                PendSV_Handler
 .text.SysTick_Handler
                0x08000438        0xc CMakeFiles/project.dir/Core/Src/stm32f1xx_it.c.obj
                0x08000438                SysTick_Handler
 .text.HAL_MspInit
                0x08000444       0x64 CMakeFiles/project.dir/Core/Src/stm32f1xx_hal_msp.c.obj
                0x08000444                HAL_MspInit
 .text.HAL_ADC_MspInit
                0x080004a8       0x78 CMakeFiles/project.dir/Core/Src/stm32f1xx_hal_msp.c.obj
                0x080004a8                HAL_ADC_MspInit
 .text.HAL_UART_MspInit
                0x08000520       0x98 CMakeFiles/project.dir/Core/Src/stm32f1xx_hal_msp.c.obj
                0x08000520                HAL_UART_MspInit
 .text.HAL_ADC_Init
                0x080005b8      0x1b0 CMakeFiles/project.dir/Drivers/STM32F1xx_HAL_Driver/Src/stm32f1xx_hal_adc.c.obj
                0x080005b8                HAL_ADC_Init
 .text.HAL_ADC_ConfigChannel
                0x08000768      0x1f0 CMakeFiles/project.dir/Drivers/STM32F1xx_HAL_Driver/Src/stm32f1xx_hal_adc.c.obj
                0x08000768                HAL_ADC_ConfigChannel
 .text.ADC_ConversionStop_Disable
                0x08000958       0x82 CMakeFiles/project.dir/Drivers/STM32F1xx_HAL_Driver/Src/stm32f1xx_hal_adc.c.obj
                0x08000958                ADC_ConversionStop_Disable
 *fill*         0x080009da        0x2 
 .text.HAL_Init
                0x080009dc       0x2c CMakeFiles/project.dir/Drivers/STM32F1xx_HAL_Driver/Src/stm32f1xx_hal.c.obj
                0x080009dc                HAL_Init
 .text.HAL_InitTick
                0x08000a08       0x60 CMakeFiles/project.dir/Drivers/STM32F1xx_HAL_Driver/Src/stm32f1xx_hal.c.obj
                0x08000a08                HAL_InitTick
 .text.HAL_IncTick
                0x08000a68       0x24 CMakeFiles/project.dir/Drivers/STM32F1xx_HAL_Driver/Src/stm32f1xx_hal.c.obj
                0x08000a68                HAL_IncTick
 .text.HAL_GetTick
                0x08000a8c       0x14 CMakeFiles/project.dir/Drivers/STM32F1xx_HAL_Driver/Src/stm32f1xx_hal.c.obj
                0x08000a8c                HAL_GetTick
 .text.HAL_RCC_OscConfig
                0x08000aa0      0x504 CMakeFiles/project.dir/Drivers/STM32F1xx_HAL_Driver/Src/stm32f1xx_hal_rcc.c.obj
                0x08000aa0                HAL_RCC_OscConfig
 .text.HAL_RCC_ClockConfig
                0x08000fa4      0x1d4 CMakeFiles/project.dir/Drivers/STM32F1xx_HAL_Driver/Src/stm32f1xx_hal_rcc.c.obj
                0x08000fa4                HAL_RCC_ClockConfig
 .text.HAL_RCC_GetSysClockFreq
                0x08001178       0xa8 CMakeFiles/project.dir/Drivers/STM32F1xx_HAL_Driver/Src/stm32f1xx_hal_rcc.c.obj
                0x08001178                HAL_RCC_GetSysClockFreq
 .text.HAL_RCC_GetHCLKFreq
                0x08001220       0x14 CMakeFiles/project.dir/Drivers/STM32F1xx_HAL_Driver/Src/stm32f1xx_hal_rcc.c.obj
                0x08001220                HAL_RCC_GetHCLKFreq
 .text.HAL_RCC_GetPCLK1Freq
                0x08001234       0x28 CMakeFiles/project.dir/Drivers/STM32F1xx_HAL_Driver/Src/stm32f1xx_hal_rcc.c.obj
                0x08001234                HAL_RCC_GetPCLK1Freq
 .text.HAL_RCC_GetPCLK2Freq
                0x0800125c       0x28 CMakeFiles/project.dir/Drivers/STM32F1xx_HAL_Driver/Src/stm32f1xx_hal_rcc.c.obj
                0x0800125c                HAL_RCC_GetPCLK2Freq
 .text.RCC_Delay
                0x08001284       0x3c CMakeFiles/project.dir/Drivers/STM32F1xx_HAL_Driver/Src/stm32f1xx_hal_rcc.c.obj
 .text.HAL_RCCEx_PeriphCLKConfig
                0x080012c0      0x16c CMakeFiles/project.dir/Drivers/STM32F1xx_HAL_Driver/Src/stm32f1xx_hal_rcc_ex.c.obj
                0x080012c0                HAL_RCCEx_PeriphCLKConfig
 .text.HAL_GPIO_Init
                0x0800142c      0x308 CMakeFiles/project.dir/Drivers/STM32F1xx_HAL_Driver/Src/stm32f1xx_hal_gpio.c.obj
                0x0800142c                HAL_GPIO_Init
 .text.HAL_GPIO_WritePin
                0x08001734       0x30 CMakeFiles/project.dir/Drivers/STM32F1xx_HAL_Driver/Src/stm32f1xx_hal_gpio.c.obj
                0x08001734                HAL_GPIO_WritePin
 .text.__NVIC_SetPriorityGrouping
                0x08001764       0x48 CMakeFiles/project.dir/Drivers/STM32F1xx_HAL_Driver/Src/stm32f1xx_hal_cortex.c.obj
 .text.__NVIC_GetPriorityGrouping
                0x080017ac       0x1c CMakeFiles/project.dir/Drivers/STM32F1xx_HAL_Driver/Src/stm32f1xx_hal_cortex.c.obj
 .text.__NVIC_SetPriority
                0x080017c8       0x54 CMakeFiles/project.dir/Drivers/STM32F1xx_HAL_Driver/Src/stm32f1xx_hal_cortex.c.obj
 .text.NVIC_EncodePriority
                0x0800181c       0x64 CMakeFiles/project.dir/Drivers/STM32F1xx_HAL_Driver/Src/stm32f1xx_hal_cortex.c.obj
 .text.SysTick_Config
                0x08001880       0x44 CMakeFiles/project.dir/Drivers/STM32F1xx_HAL_Driver/Src/stm32f1xx_hal_cortex.c.obj
 .text.HAL_NVIC_SetPriorityGrouping
                0x080018c4       0x16 CMakeFiles/project.dir/Drivers/STM32F1xx_HAL_Driver/Src/stm32f1xx_hal_cortex.c.obj
                0x080018c4                HAL_NVIC_SetPriorityGrouping
 .text.HAL_NVIC_SetPriority
                0x080018da       0x38 CMakeFiles/project.dir/Drivers/STM32F1xx_HAL_Driver/Src/stm32f1xx_hal_cortex.c.obj
                0x080018da                HAL_NVIC_SetPriority
 .text.HAL_SYSTICK_Config
                0x08001912       0x18 CMakeFiles/project.dir/Drivers/STM32F1xx_HAL_Driver/Src/stm32f1xx_hal_cortex.c.obj
                0x08001912                HAL_SYSTICK_Config
 .text.HAL_UART_Init
                0x0800192a       0xa0 CMakeFiles/project.dir/Drivers/STM32F1xx_HAL_Driver/Src/stm32f1xx_hal_uart.c.obj
                0x0800192a                HAL_UART_Init
 *fill*         0x080019ca        0x2 
 .text.UART_SetConfig
                0x080019cc      0x11c CMakeFiles/project.dir/Drivers/STM32F1xx_HAL_Driver/Src/stm32f1xx_hal_uart.c.obj
 .text.SystemInit
                0x08001ae8        0xc CMakeFiles/project.dir/Core/Src/system_stm32f1xx.c.obj
                0x08001ae8                SystemInit
 .text.Reset_Handler
                0x08001af4       0x48 CMakeFiles/project.dir/startup_stm32f103xb.s.obj
                0x08001af4                Reset_Handler
 .text.Default_Handler
                0x08001b3c        0x2 CMakeFiles/project.dir/startup_stm32f103xb.s.obj
                0x08001b3c                RTC_Alarm_IRQHandler
                0x08001b3c                EXTI2_IRQHandler
                0x08001b3c                TIM1_CC_IRQHandler
                0x08001b3c                PVD_IRQHandler
                0x08001b3c                EXTI3_IRQHandler
                0x08001b3c                EXTI0_IRQHandler
                0x08001b3c                I2C2_EV_IRQHandler
                0x08001b3c                ADC1_2_IRQHandler
                0x08001b3c                SPI1_IRQHandler
                0x08001b3c                TAMPER_IRQHandler
                0x08001b3c                DMA1_Channel4_IRQHandler
                0x08001b3c                USART3_IRQHandler
                0x08001b3c                RTC_IRQHandler
                0x08001b3c                DMA1_Channel7_IRQHandler
                0x08001b3c                CAN1_RX1_IRQHandler
                0x08001b3c                TIM4_IRQHandler
                0x08001b3c                I2C1_EV_IRQHandler
                0x08001b3c                DMA1_Channel6_IRQHandler
                0x08001b3c                TIM3_IRQHandler
                0x08001b3c                RCC_IRQHandler
                0x08001b3c                TIM1_TRG_COM_IRQHandler
                0x08001b3c                DMA1_Channel1_IRQHandler
                0x08001b3c                Default_Handler
                0x08001b3c                EXTI15_10_IRQHandler
                0x08001b3c                EXTI9_5_IRQHandler
                0x08001b3c                SPI2_IRQHandler
                0x08001b3c                DMA1_Channel5_IRQHandler
                0x08001b3c                EXTI4_IRQHandler
                0x08001b3c                USB_LP_CAN1_RX0_IRQHandler
                0x08001b3c                USB_HP_CAN1_TX_IRQHandler
                0x08001b3c                DMA1_Channel3_IRQHandler
                0x08001b3c                TIM1_UP_IRQHandler
                0x08001b3c                WWDG_IRQHandler
                0x08001b3c                TIM2_IRQHandler
                0x08001b3c                TIM1_BRK_IRQHandler
                0x08001b3c                EXTI1_IRQHandler
                0x08001b3c                USART2_IRQHandler
                0x08001b3c                I2C2_ER_IRQHandler
                0x08001b3c                DMA1_Channel2_IRQHandler
                0x08001b3c                CAN1_SCE_IRQHandler
                0x08001b3c                FLASH_IRQHandler
                0x08001b3c                USART1_IRQHandler
                0x08001b3c                I2C1_ER_IRQHandler
                0x08001b3c                USBWakeUp_IRQHandler
 *(.glue_7)
 .glue_7        0x08001b3e        0x0 linker stubs
 *(.glue_7t)
 .glue_7t       0x08001b3e        0x0 linker stubs
 *(.eh_frame)
 *fill*         0x08001b3e        0x2 
 .eh_frame      0x08001b40        0x0 D:/demo/app/cubeclt/STM32CubeCLT_1.19.0/GNU-tools-for-STM32/bin/../lib/gcc/arm-none-eabi/13.3.1/thumb/v7-m/nofp/crtbegin.o
 *(.init)
 .init          0x08001b40        0x4 D:/demo/app/cubeclt/STM32CubeCLT_1.19.0/GNU-tools-for-STM32/bin/../lib/gcc/arm-none-eabi/13.3.1/thumb/v7-m/nofp/crti.o
                0x08001b40                _init
 .init          0x08001b44        0x8 D:/demo/app/cubeclt/STM32CubeCLT_1.19.0/GNU-tools-for-STM32/bin/../lib/gcc/arm-none-eabi/13.3.1/thumb/v7-m/nofp/crtn.o
 *(.fini)
 .fini          0x08001b4c        0x4 D:/demo/app/cubeclt/STM32CubeCLT_1.19.0/GNU-tools-for-STM32/bin/../lib/gcc/arm-none-eabi/13.3.1/thumb/v7-m/nofp/crti.o
                0x08001b4c                _fini
 .fini          0x08001b50        0x8 D:/demo/app/cubeclt/STM32CubeCLT_1.19.0/GNU-tools-for-STM32/bin/../lib/gcc/arm-none-eabi/13.3.1/thumb/v7-m/nofp/crtn.o
                0x08001b58                        . = ALIGN (0x4)
                0x08001b58                        _etext = .

.vfp11_veneer   0x08001b58        0x0
 .vfp11_veneer  0x08001b58        0x0 linker stubs

.v4_bx          0x08001b58        0x0
 .v4_bx         0x08001b58        0x0 linker stubs

.iplt           0x08001b58        0x0
 .iplt          0x08001b58        0x0 D:/demo/app/cubeclt/STM32CubeCLT_1.19.0/GNU-tools-for-STM32/bin/../lib/gcc/arm-none-eabi/13.3.1/thumb/v7-m/nofp/crtbegin.o

.rodata         0x08001b58       0x2c
                0x08001b58                        . = ALIGN (0x4)
 *(.rodata)
 *(.rodata*)
 .rodata.aPLLMULFactorTable.1
                0x08001b58       0x10 CMakeFiles/project.dir/Drivers/STM32F1xx_HAL_Driver/Src/stm32f1xx_hal_rcc.c.obj
 .rodata.aPredivFactorTable.0
                0x08001b68        0x2 CMakeFiles/project.dir/Drivers/STM32F1xx_HAL_Driver/Src/stm32f1xx_hal_rcc.c.obj
 *fill*         0x08001b6a        0x2 
 .rodata.AHBPrescTable
                0x08001b6c       0x10 CMakeFiles/project.dir/Core/Src/system_stm32f1xx.c.obj
                0x08001b6c                AHBPrescTable
 .rodata.APBPrescTable
                0x08001b7c        0x8 CMakeFiles/project.dir/Core/Src/system_stm32f1xx.c.obj
                0x08001b7c                APBPrescTable
                0x08001b84                        . = ALIGN (0x4)

.rel.dyn        0x08001b84        0x0
 .rel.iplt      0x08001b84        0x0 D:/demo/app/cubeclt/STM32CubeCLT_1.19.0/GNU-tools-for-STM32/bin/../lib/gcc/arm-none-eabi/13.3.1/thumb/v7-m/nofp/crtbegin.o

.ARM.extab
 *(.ARM.extab* .gnu.linkonce.armextab.*)

.ARM            0x08001b84        0x0
                0x08001b84                        __exidx_start = .
 *(.ARM.exidx*)
                0x08001b84                        __exidx_end = .

.preinit_array  0x08001b84        0x0
                0x08001b84                        PROVIDE (__preinit_array_start = .)
 *(.preinit_array*)
                0x08001b84                        PROVIDE (__preinit_array_end = .)

.init_array     0x08001b84        0x4
                0x08001b84                        PROVIDE (__init_array_start = .)
 *(SORT_BY_NAME(.init_array.*))
 *(.init_array*)
 .init_array    0x08001b84        0x4 D:/demo/app/cubeclt/STM32CubeCLT_1.19.0/GNU-tools-for-STM32/bin/../lib/gcc/arm-none-eabi/13.3.1/thumb/v7-m/nofp/crtbegin.o
                0x08001b88                        PROVIDE (__init_array_end = .)

.fini_array     0x08001b88        0x4
                [!provide]                        PROVIDE (__fini_array_start = .)
 *(SORT_BY_NAME(.fini_array.*))
 *(.fini_array*)
 .fini_array    0x08001b88        0x4 D:/demo/app/cubeclt/STM32CubeCLT_1.19.0/GNU-tools-for-STM32/bin/../lib/gcc/arm-none-eabi/13.3.1/thumb/v7-m/nofp/crtbegin.o
                [!provide]                        PROVIDE (__fini_array_end = .)
                0x08001b8c                        _sidata = LOADADDR (.data)

.data           0x20000000        0xc load address 0x08001b8c
                0x20000000                        . = ALIGN (0x4)
                0x20000000                        _sdata = .
 *(.data)
 *(.data*)
 .data.uwTickPrio
                0x20000000        0x4 CMakeFiles/project.dir/Drivers/STM32F1xx_HAL_Driver/Src/stm32f1xx_hal.c.obj
                0x20000000                uwTickPrio
 .data.uwTickFreq
                0x20000004        0x1 CMakeFiles/project.dir/Drivers/STM32F1xx_HAL_Driver/Src/stm32f1xx_hal.c.obj
                0x20000004                uwTickFreq
 *fill*         0x20000005        0x3 
 .data.SystemCoreClock
                0x20000008        0x4 CMakeFiles/project.dir/Core/Src/system_stm32f1xx.c.obj
                0x20000008                SystemCoreClock
 *(.RamFunc)
 *(.RamFunc*)
                0x2000000c                        . = ALIGN (0x4)
                0x2000000c                        _edata = .

.igot.plt       0x2000000c        0x0 load address 0x08001b98
 .igot.plt      0x2000000c        0x0 D:/demo/app/cubeclt/STM32CubeCLT_1.19.0/GNU-tools-for-STM32/bin/../lib/gcc/arm-none-eabi/13.3.1/thumb/v7-m/nofp/crtbegin.o
                0x2000000c                        . = ALIGN (0x4)

.bss            0x2000000c       0x98 load address 0x08001b98
                0x2000000c                        _sbss = .
                0x2000000c                        __bss_start__ = _sbss
 *(.bss)
 .bss           0x2000000c       0x1c D:/demo/app/cubeclt/STM32CubeCLT_1.19.0/GNU-tools-for-STM32/bin/../lib/gcc/arm-none-eabi/13.3.1/thumb/v7-m/nofp/crtbegin.o
 *(.bss*)
 .bss.hadc1     0x20000028       0x30 CMakeFiles/project.dir/Core/Src/main.c.obj
                0x20000028                hadc1
 .bss.huart1    0x20000058       0x48 CMakeFiles/project.dir/Core/Src/main.c.obj
                0x20000058                huart1
 .bss.uwTick    0x200000a0        0x4 CMakeFiles/project.dir/Drivers/STM32F1xx_HAL_Driver/Src/stm32f1xx_hal.c.obj
                0x200000a0                uwTick
 *(COMMON)
                0x200000a4                        . = ALIGN (0x4)
                0x200000a4                        _ebss = .
                0x200000a4                        __bss_end__ = _ebss

._user_heap_stack
                0x200000a4      0x604 load address 0x08001b98
                0x200000a8                        . = ALIGN (0x8)
 *fill*         0x200000a4        0x4 
                [!provide]                        PROVIDE (end = .)
                0x200000a8                        PROVIDE (_end = .)
                0x200002a8                        . = (. + _Min_Heap_Size)
 *fill*         0x200000a8      0x200 
                0x200006a8                        . = (. + _Min_Stack_Size)
 *fill*         0x200002a8      0x400 
                0x200006a8                        . = ALIGN (0x8)

/DISCARD/
 libc.a(*)
 libm.a(*)
 libgcc.a(*)

.ARM.attributes
                0x00000000       0x29
 *(.ARM.attributes)
 .ARM.attributes
                0x00000000       0x1d D:/demo/app/cubeclt/STM32CubeCLT_1.19.0/GNU-tools-for-STM32/bin/../lib/gcc/arm-none-eabi/13.3.1/thumb/v7-m/nofp/crti.o
 .ARM.attributes
                0x0000001d       0x2d D:/demo/app/cubeclt/STM32CubeCLT_1.19.0/GNU-tools-for-STM32/bin/../lib/gcc/arm-none-eabi/13.3.1/thumb/v7-m/nofp/crtbegin.o
 .ARM.attributes
                0x0000004a       0x2d D:/demo/app/cubeclt/STM32CubeCLT_1.19.0/GNU-tools-for-STM32/bin/../lib/gcc/arm-none-eabi/13.3.1/../../../../arm-none-eabi/lib/thumb/v7-m/nofp\libc_nano.a(libc_a-memset.o)
 .ARM.attributes
                0x00000077       0x2d D:/demo/app/cubeclt/STM32CubeCLT_1.19.0/GNU-tools-for-STM32/bin/../lib/gcc/arm-none-eabi/13.3.1/../../../../arm-none-eabi/lib/thumb/v7-m/nofp\libc_nano.a(libc_a-init.o)
 .ARM.attributes
                0x000000a4       0x2d CMakeFiles/project.dir/Core/Src/main.c.obj
 .ARM.attributes
                0x000000d1       0x2d CMakeFiles/project.dir/Core/Src/stm32f1xx_it.c.obj
 .ARM.attributes
                0x000000fe       0x2d CMakeFiles/project.dir/Core/Src/stm32f1xx_hal_msp.c.obj
 .ARM.attributes
                0x0000012b       0x2d CMakeFiles/project.dir/Drivers/STM32F1xx_HAL_Driver/Src/stm32f1xx_hal_adc.c.obj
 .ARM.attributes
                0x00000158       0x2d CMakeFiles/project.dir/Drivers/STM32F1xx_HAL_Driver/Src/stm32f1xx_hal.c.obj
 .ARM.attributes
                0x00000185       0x2d CMakeFiles/project.dir/Drivers/STM32F1xx_HAL_Driver/Src/stm32f1xx_hal_rcc.c.obj
 .ARM.attributes
                0x000001b2       0x2d CMakeFiles/project.dir/Drivers/STM32F1xx_HAL_Driver/Src/stm32f1xx_hal_rcc_ex.c.obj
 .ARM.attributes
                0x000001df       0x2d CMakeFiles/project.dir/Drivers/STM32F1xx_HAL_Driver/Src/stm32f1xx_hal_gpio.c.obj
 .ARM.attributes
                0x0000020c       0x2d CMakeFiles/project.dir/Drivers/STM32F1xx_HAL_Driver/Src/stm32f1xx_hal_cortex.c.obj
 .ARM.attributes
                0x00000239       0x2d CMakeFiles/project.dir/Drivers/STM32F1xx_HAL_Driver/Src/stm32f1xx_hal_uart.c.obj
 .ARM.attributes
                0x00000266       0x2d CMakeFiles/project.dir/Core/Src/system_stm32f1xx.c.obj
 .ARM.attributes
                0x00000293       0x21 CMakeFiles/project.dir/startup_stm32f103xb.s.obj
 .ARM.attributes
                0x000002b4       0x1d D:/demo/app/cubeclt/STM32CubeCLT_1.19.0/GNU-tools-for-STM32/bin/../lib/gcc/arm-none-eabi/13.3.1/thumb/v7-m/nofp/crtn.o
OUTPUT(project.elf elf32-littlearm)
LOAD linker stubs
LOAD D:/demo/app/cubeclt/STM32CubeCLT_1.19.0/GNU-tools-for-STM32/bin/../lib/gcc/arm-none-eabi/13.3.1/../../../../arm-none-eabi/lib/thumb/v7-m/nofp\libc.a
LOAD D:/demo/app/cubeclt/STM32CubeCLT_1.19.0/GNU-tools-for-STM32/bin/../lib/gcc/arm-none-eabi/13.3.1/../../../../arm-none-eabi/lib/thumb/v7-m/nofp\libm.a
LOAD D:/demo/app/cubeclt/STM32CubeCLT_1.19.0/GNU-tools-for-STM32/bin/../lib/gcc/arm-none-eabi/13.3.1/thumb/v7-m/nofp\libgcc.a

.debug_frame    0x00000000     0x1bcc
 .debug_frame   0x00000000       0x20 D:/demo/app/cubeclt/STM32CubeCLT_1.19.0/GNU-tools-for-STM32/bin/../lib/gcc/arm-none-eabi/13.3.1/../../../../arm-none-eabi/lib/thumb/v7-m/nofp\libc_nano.a(libc_a-memset.o)
 .debug_frame   0x00000020       0x2c D:/demo/app/cubeclt/STM32CubeCLT_1.19.0/GNU-tools-for-STM32/bin/../lib/gcc/arm-none-eabi/13.3.1/../../../../arm-none-eabi/lib/thumb/v7-m/nofp\libc_nano.a(libc_a-init.o)
 .debug_frame   0x0000004c       0xcc CMakeFiles/project.dir/Core/Src/main.c.obj
 .debug_frame   0x00000118      0x104 CMakeFiles/project.dir/Core/Src/stm32f1xx_it.c.obj
 .debug_frame   0x0000021c       0xc8 CMakeFiles/project.dir/Core/Src/stm32f1xx_hal_msp.c.obj
 .debug_frame   0x000002e4      0x40c CMakeFiles/project.dir/Drivers/STM32F1xx_HAL_Driver/Src/stm32f1xx_hal_adc.c.obj
 .debug_frame   0x000006f0      0x334 CMakeFiles/project.dir/Drivers/STM32F1xx_HAL_Driver/Src/stm32f1xx_hal.c.obj
 .debug_frame   0x00000a24      0x218 CMakeFiles/project.dir/Drivers/STM32F1xx_HAL_Driver/Src/stm32f1xx_hal_rcc.c.obj
 .debug_frame   0x00000c3c       0x80 CMakeFiles/project.dir/Drivers/STM32F1xx_HAL_Driver/Src/stm32f1xx_hal_rcc_ex.c.obj
 .debug_frame   0x00000cbc      0x14c CMakeFiles/project.dir/Drivers/STM32F1xx_HAL_Driver/Src/stm32f1xx_hal_gpio.c.obj
 .debug_frame   0x00000e08      0x428 CMakeFiles/project.dir/Drivers/STM32F1xx_HAL_Driver/Src/stm32f1xx_hal_cortex.c.obj
 .debug_frame   0x00001230      0x944 CMakeFiles/project.dir/Drivers/STM32F1xx_HAL_Driver/Src/stm32f1xx_hal_uart.c.obj
 .debug_frame   0x00001b74       0x58 CMakeFiles/project.dir/Core/Src/system_stm32f1xx.c.obj

.debug_info     0x00000000     0x78c2
 .debug_info    0x00000000      0xcb9 CMakeFiles/project.dir/Core/Src/main.c.obj
 .debug_info    0x00000cb9      0x113 CMakeFiles/project.dir/Core/Src/stm32f1xx_it.c.obj
 .debug_info    0x00000dcc      0xa9c CMakeFiles/project.dir/Core/Src/stm32f1xx_hal_msp.c.obj
 .debug_info    0x00001868      0xc50 CMakeFiles/project.dir/Drivers/STM32F1xx_HAL_Driver/Src/stm32f1xx_hal_adc.c.obj
 .debug_info    0x000024b8      0x704 CMakeFiles/project.dir/Drivers/STM32F1xx_HAL_Driver/Src/stm32f1xx_hal.c.obj
 .debug_info    0x00002bbc      0x7d5 CMakeFiles/project.dir/Drivers/STM32F1xx_HAL_Driver/Src/stm32f1xx_hal_rcc.c.obj
 .debug_info    0x00003391      0x3c0 CMakeFiles/project.dir/Drivers/STM32F1xx_HAL_Driver/Src/stm32f1xx_hal_rcc_ex.c.obj
 .debug_info    0x00003751      0x5ab CMakeFiles/project.dir/Drivers/STM32F1xx_HAL_Driver/Src/stm32f1xx_hal_gpio.c.obj
 .debug_info    0x00003cfc      0xa87 CMakeFiles/project.dir/Drivers/STM32F1xx_HAL_Driver/Src/stm32f1xx_hal_cortex.c.obj
 .debug_info    0x00004783     0x2eed CMakeFiles/project.dir/Drivers/STM32F1xx_HAL_Driver/Src/stm32f1xx_hal_uart.c.obj
 .debug_info    0x00007670      0x222 CMakeFiles/project.dir/Core/Src/system_stm32f1xx.c.obj
 .debug_info    0x00007892       0x30 CMakeFiles/project.dir/startup_stm32f103xb.s.obj

.debug_abbrev   0x00000000     0x15ce
 .debug_abbrev  0x00000000      0x232 CMakeFiles/project.dir/Core/Src/main.c.obj
 .debug_abbrev  0x00000232       0x73 CMakeFiles/project.dir/Core/Src/stm32f1xx_it.c.obj
 .debug_abbrev  0x000002a5      0x1ab CMakeFiles/project.dir/Core/Src/stm32f1xx_hal_msp.c.obj
 .debug_abbrev  0x00000450      0x225 CMakeFiles/project.dir/Drivers/STM32F1xx_HAL_Driver/Src/stm32f1xx_hal_adc.c.obj
 .debug_abbrev  0x00000675      0x201 CMakeFiles/project.dir/Drivers/STM32F1xx_HAL_Driver/Src/stm32f1xx_hal.c.obj
 .debug_abbrev  0x00000876      0x2b3 CMakeFiles/project.dir/Drivers/STM32F1xx_HAL_Driver/Src/stm32f1xx_hal_rcc.c.obj
 .debug_abbrev  0x00000b29      0x188 CMakeFiles/project.dir/Drivers/STM32F1xx_HAL_Driver/Src/stm32f1xx_hal_rcc_ex.c.obj
 .debug_abbrev  0x00000cb1      0x1ca CMakeFiles/project.dir/Drivers/STM32F1xx_HAL_Driver/Src/stm32f1xx_hal_gpio.c.obj
 .debug_abbrev  0x00000e7b      0x2f8 CMakeFiles/project.dir/Drivers/STM32F1xx_HAL_Driver/Src/stm32f1xx_hal_cortex.c.obj
 .debug_abbrev  0x00001173      0x2f8 CMakeFiles/project.dir/Drivers/STM32F1xx_HAL_Driver/Src/stm32f1xx_hal_uart.c.obj
 .debug_abbrev  0x0000146b      0x13f CMakeFiles/project.dir/Core/Src/system_stm32f1xx.c.obj
 .debug_abbrev  0x000015aa       0x24 CMakeFiles/project.dir/startup_stm32f103xb.s.obj

.debug_aranges  0x00000000      0x728
 .debug_aranges
                0x00000000       0x48 CMakeFiles/project.dir/Core/Src/main.c.obj
 .debug_aranges
                0x00000048       0x60 CMakeFiles/project.dir/Core/Src/stm32f1xx_it.c.obj
 .debug_aranges
                0x000000a8       0x40 CMakeFiles/project.dir/Core/Src/stm32f1xx_hal_msp.c.obj
 .debug_aranges
                0x000000e8       0xf0 CMakeFiles/project.dir/Drivers/STM32F1xx_HAL_Driver/Src/stm32f1xx_hal_adc.c.obj
 .debug_aranges
                0x000001d8       0xe0 CMakeFiles/project.dir/Drivers/STM32F1xx_HAL_Driver/Src/stm32f1xx_hal.c.obj
 .debug_aranges
                0x000002b8       0x90 CMakeFiles/project.dir/Drivers/STM32F1xx_HAL_Driver/Src/stm32f1xx_hal_rcc.c.obj
 .debug_aranges
                0x00000348       0x30 CMakeFiles/project.dir/Drivers/STM32F1xx_HAL_Driver/Src/stm32f1xx_hal_rcc_ex.c.obj
 .debug_aranges
                0x00000378       0x58 CMakeFiles/project.dir/Drivers/STM32F1xx_HAL_Driver/Src/stm32f1xx_hal_gpio.c.obj
 .debug_aranges
                0x000003d0      0x100 CMakeFiles/project.dir/Drivers/STM32F1xx_HAL_Driver/Src/stm32f1xx_hal_cortex.c.obj
 .debug_aranges
                0x000004d0      0x208 CMakeFiles/project.dir/Drivers/STM32F1xx_HAL_Driver/Src/stm32f1xx_hal_uart.c.obj
 .debug_aranges
                0x000006d8       0x28 CMakeFiles/project.dir/Core/Src/system_stm32f1xx.c.obj
 .debug_aranges
                0x00000700       0x28 CMakeFiles/project.dir/startup_stm32f103xb.s.obj

.debug_rnglists
                0x00000000      0x577
 .debug_rnglists
                0x00000000       0x33 CMakeFiles/project.dir/Core/Src/main.c.obj
 .debug_rnglists
                0x00000033       0x43 CMakeFiles/project.dir/Core/Src/stm32f1xx_it.c.obj
 .debug_rnglists
                0x00000076       0x2c CMakeFiles/project.dir/Core/Src/stm32f1xx_hal_msp.c.obj
 .debug_rnglists
                0x000000a2       0xbc CMakeFiles/project.dir/Drivers/STM32F1xx_HAL_Driver/Src/stm32f1xx_hal_adc.c.obj
 .debug_rnglists
                0x0000015e       0xa3 CMakeFiles/project.dir/Drivers/STM32F1xx_HAL_Driver/Src/stm32f1xx_hal.c.obj
 .debug_rnglists
                0x00000201       0x6c CMakeFiles/project.dir/Drivers/STM32F1xx_HAL_Driver/Src/stm32f1xx_hal_rcc.c.obj
 .debug_rnglists
                0x0000026d       0x21 CMakeFiles/project.dir/Drivers/STM32F1xx_HAL_Driver/Src/stm32f1xx_hal_rcc_ex.c.obj
 .debug_rnglists
                0x0000028e       0x3f CMakeFiles/project.dir/Drivers/STM32F1xx_HAL_Driver/Src/stm32f1xx_hal_gpio.c.obj
 .debug_rnglists
                0x000002cd       0xbb CMakeFiles/project.dir/Drivers/STM32F1xx_HAL_Driver/Src/stm32f1xx_hal_cortex.c.obj
 .debug_rnglists
                0x00000388      0x1bc CMakeFiles/project.dir/Drivers/STM32F1xx_HAL_Driver/Src/stm32f1xx_hal_uart.c.obj
 .debug_rnglists
                0x00000544       0x1a CMakeFiles/project.dir/Core/Src/system_stm32f1xx.c.obj
 .debug_rnglists
                0x0000055e       0x19 CMakeFiles/project.dir/startup_stm32f103xb.s.obj

.debug_macro    0x00000000    0x16854
 .debug_macro   0x00000000      0x1b1 CMakeFiles/project.dir/Core/Src/main.c.obj
 .debug_macro   0x000001b1      0xacc CMakeFiles/project.dir/Core/Src/main.c.obj
 .debug_macro   0x00000c7d      0x21b CMakeFiles/project.dir/Core/Src/main.c.obj
 .debug_macro   0x00000e98       0x2e CMakeFiles/project.dir/Core/Src/main.c.obj
 .debug_macro   0x00000ec6       0x22 CMakeFiles/project.dir/Core/Src/main.c.obj
 .debug_macro   0x00000ee8       0x22 CMakeFiles/project.dir/Core/Src/main.c.obj
 .debug_macro   0x00000f0a       0x8e CMakeFiles/project.dir/Core/Src/main.c.obj
 .debug_macro   0x00000f98       0x51 CMakeFiles/project.dir/Core/Src/main.c.obj
 .debug_macro   0x00000fe9      0x103 CMakeFiles/project.dir/Core/Src/main.c.obj
 .debug_macro   0x000010ec       0x6a CMakeFiles/project.dir/Core/Src/main.c.obj
 .debug_macro   0x00001156      0x1df CMakeFiles/project.dir/Core/Src/main.c.obj
 .debug_macro   0x00001335       0x1c CMakeFiles/project.dir/Core/Src/main.c.obj
 .debug_macro   0x00001351       0x22 CMakeFiles/project.dir/Core/Src/main.c.obj
 .debug_macro   0x00001373       0xbd CMakeFiles/project.dir/Core/Src/main.c.obj
 .debug_macro   0x00001430      0xd23 CMakeFiles/project.dir/Core/Src/main.c.obj
 .debug_macro   0x00002153     0xe09e CMakeFiles/project.dir/Core/Src/main.c.obj
 .debug_macro   0x000101f1       0x6d CMakeFiles/project.dir/Core/Src/main.c.obj
 .debug_macro   0x0001025e     0x34a2 CMakeFiles/project.dir/Core/Src/main.c.obj
 .debug_macro   0x00013700      0x190 CMakeFiles/project.dir/Core/Src/main.c.obj
 .debug_macro   0x00013890       0x5c CMakeFiles/project.dir/Core/Src/main.c.obj
 .debug_macro   0x000138ec      0x5bc CMakeFiles/project.dir/Core/Src/main.c.obj
 .debug_macro   0x00013ea8      0x289 CMakeFiles/project.dir/Core/Src/main.c.obj
 .debug_macro   0x00014131      0x1cb CMakeFiles/project.dir/Core/Src/main.c.obj
 .debug_macro   0x000142fc      0x114 CMakeFiles/project.dir/Core/Src/main.c.obj
 .debug_macro   0x00014410      0x1b2 CMakeFiles/project.dir/Core/Src/main.c.obj
 .debug_macro   0x000145c2       0x27 CMakeFiles/project.dir/Core/Src/main.c.obj
 .debug_macro   0x000145e9      0x136 CMakeFiles/project.dir/Core/Src/main.c.obj
 .debug_macro   0x0001471f      0x1bc CMakeFiles/project.dir/Core/Src/main.c.obj
 .debug_macro   0x000148db       0x34 CMakeFiles/project.dir/Core/Src/main.c.obj
 .debug_macro   0x0001490f       0x3c CMakeFiles/project.dir/Core/Src/main.c.obj
 .debug_macro   0x0001494b       0x57 CMakeFiles/project.dir/Core/Src/main.c.obj
 .debug_macro   0x000149a2      0x46a CMakeFiles/project.dir/Core/Src/main.c.obj
 .debug_macro   0x00014e0c      0x1b5 CMakeFiles/project.dir/Core/Src/main.c.obj
 .debug_macro   0x00014fc1       0x87 CMakeFiles/project.dir/Core/Src/main.c.obj
 .debug_macro   0x00015048      0x240 CMakeFiles/project.dir/Core/Src/main.c.obj
 .debug_macro   0x00015288      0x140 CMakeFiles/project.dir/Core/Src/main.c.obj
 .debug_macro   0x000153c8      0x28e CMakeFiles/project.dir/Core/Src/main.c.obj
 .debug_macro   0x00015656       0x83 CMakeFiles/project.dir/Core/Src/main.c.obj
 .debug_macro   0x000156d9       0x40 CMakeFiles/project.dir/Core/Src/main.c.obj
 .debug_macro   0x00015719      0x1bb CMakeFiles/project.dir/Core/Src/stm32f1xx_it.c.obj
 .debug_macro   0x000158d4      0x1b1 CMakeFiles/project.dir/Core/Src/stm32f1xx_hal_msp.c.obj
 .debug_macro   0x00015a85      0x1bf CMakeFiles/project.dir/Drivers/STM32F1xx_HAL_Driver/Src/stm32f1xx_hal_adc.c.obj
 .debug_macro   0x00015c44      0x1c6 CMakeFiles/project.dir/Drivers/STM32F1xx_HAL_Driver/Src/stm32f1xx_hal.c.obj
 .debug_macro   0x00015e0a      0x1b4 CMakeFiles/project.dir/Drivers/STM32F1xx_HAL_Driver/Src/stm32f1xx_hal_rcc.c.obj
 .debug_macro   0x00015fbe      0x1a2 CMakeFiles/project.dir/Drivers/STM32F1xx_HAL_Driver/Src/stm32f1xx_hal_rcc_ex.c.obj
 .debug_macro   0x00016160      0x20d CMakeFiles/project.dir/Drivers/STM32F1xx_HAL_Driver/Src/stm32f1xx_hal_gpio.c.obj
 .debug_macro   0x0001636d      0x1a2 CMakeFiles/project.dir/Drivers/STM32F1xx_HAL_Driver/Src/stm32f1xx_hal_cortex.c.obj
 .debug_macro   0x0001650f      0x1a3 CMakeFiles/project.dir/Drivers/STM32F1xx_HAL_Driver/Src/stm32f1xx_hal_uart.c.obj
 .debug_macro   0x000166b2      0x1a2 CMakeFiles/project.dir/Core/Src/system_stm32f1xx.c.obj

.debug_line     0x00000000     0x844a
 .debug_line    0x00000000      0x7b2 CMakeFiles/project.dir/Core/Src/main.c.obj
 .debug_line    0x000007b2      0x715 CMakeFiles/project.dir/Core/Src/stm32f1xx_it.c.obj
 .debug_line    0x00000ec7      0x701 CMakeFiles/project.dir/Core/Src/stm32f1xx_hal_msp.c.obj
 .debug_line    0x000015c8      0xf3b CMakeFiles/project.dir/Drivers/STM32F1xx_HAL_Driver/Src/stm32f1xx_hal_adc.c.obj
 .debug_line    0x00002503      0x916 CMakeFiles/project.dir/Drivers/STM32F1xx_HAL_Driver/Src/stm32f1xx_hal.c.obj
 .debug_line    0x00002e19      0xdcf CMakeFiles/project.dir/Drivers/STM32F1xx_HAL_Driver/Src/stm32f1xx_hal_rcc.c.obj
 .debug_line    0x00003be8      0x880 CMakeFiles/project.dir/Drivers/STM32F1xx_HAL_Driver/Src/stm32f1xx_hal_rcc_ex.c.obj
 .debug_line    0x00004468      0x973 CMakeFiles/project.dir/Drivers/STM32F1xx_HAL_Driver/Src/stm32f1xx_hal_gpio.c.obj
 .debug_line    0x00004ddb      0xae0 CMakeFiles/project.dir/Drivers/STM32F1xx_HAL_Driver/Src/stm32f1xx_hal_cortex.c.obj
 .debug_line    0x000058bb     0x2432 CMakeFiles/project.dir/Drivers/STM32F1xx_HAL_Driver/Src/stm32f1xx_hal_uart.c.obj
 .debug_line    0x00007ced      0x6e5 CMakeFiles/project.dir/Core/Src/system_stm32f1xx.c.obj
 .debug_line    0x000083d2       0x78 CMakeFiles/project.dir/startup_stm32f103xb.s.obj

.debug_str      0x00000000    0x8346e
 .debug_str     0x00000000    0x8346e CMakeFiles/project.dir/Core/Src/main.c.obj
                              0x81d34 (size before relaxing)
 .debug_str     0x0008346e    0x81500 CMakeFiles/project.dir/Core/Src/stm32f1xx_it.c.obj
 .debug_str     0x0008346e    0x81ac4 CMakeFiles/project.dir/Core/Src/stm32f1xx_hal_msp.c.obj
 .debug_str     0x0008346e    0x81b13 CMakeFiles/project.dir/Drivers/STM32F1xx_HAL_Driver/Src/stm32f1xx_hal_adc.c.obj
 .debug_str     0x0008346e    0x81b62 CMakeFiles/project.dir/Drivers/STM32F1xx_HAL_Driver/Src/stm32f1xx_hal.c.obj
 .debug_str     0x0008346e    0x8185e CMakeFiles/project.dir/Drivers/STM32F1xx_HAL_Driver/Src/stm32f1xx_hal_rcc.c.obj
 .debug_str     0x0008346e    0x815ae CMakeFiles/project.dir/Drivers/STM32F1xx_HAL_Driver/Src/stm32f1xx_hal_rcc_ex.c.obj
 .debug_str     0x0008346e    0x817b5 CMakeFiles/project.dir/Drivers/STM32F1xx_HAL_Driver/Src/stm32f1xx_hal_gpio.c.obj
 .debug_str     0x0008346e    0x81aae CMakeFiles/project.dir/Drivers/STM32F1xx_HAL_Driver/Src/stm32f1xx_hal_cortex.c.obj
 .debug_str     0x0008346e    0x81ecf CMakeFiles/project.dir/Drivers/STM32F1xx_HAL_Driver/Src/stm32f1xx_hal_uart.c.obj
 .debug_str     0x0008346e    0x8142f CMakeFiles/project.dir/Core/Src/system_stm32f1xx.c.obj
 .debug_str     0x0008346e       0x5e CMakeFiles/project.dir/startup_stm32f103xb.s.obj

.comment        0x00000000       0x43
 .comment       0x00000000       0x43 CMakeFiles/project.dir/Core/Src/main.c.obj
                                 0x44 (size before relaxing)
 .comment       0x00000043       0x44 CMakeFiles/project.dir/Core/Src/stm32f1xx_it.c.obj
 .comment       0x00000043       0x44 CMakeFiles/project.dir/Core/Src/stm32f1xx_hal_msp.c.obj
 .comment       0x00000043       0x44 CMakeFiles/project.dir/Drivers/STM32F1xx_HAL_Driver/Src/stm32f1xx_hal_adc.c.obj
 .comment       0x00000043       0x44 CMakeFiles/project.dir/Drivers/STM32F1xx_HAL_Driver/Src/stm32f1xx_hal.c.obj
 .comment       0x00000043       0x44 CMakeFiles/project.dir/Drivers/STM32F1xx_HAL_Driver/Src/stm32f1xx_hal_rcc.c.obj
 .comment       0x00000043       0x44 CMakeFiles/project.dir/Drivers/STM32F1xx_HAL_Driver/Src/stm32f1xx_hal_rcc_ex.c.obj
 .comment       0x00000043       0x44 CMakeFiles/project.dir/Drivers/STM32F1xx_HAL_Driver/Src/stm32f1xx_hal_gpio.c.obj
 .comment       0x00000043       0x44 CMakeFiles/project.dir/Drivers/STM32F1xx_HAL_Driver/Src/stm32f1xx_hal_cortex.c.obj
 .comment       0x00000043       0x44 CMakeFiles/project.dir/Drivers/STM32F1xx_HAL_Driver/Src/stm32f1xx_hal_uart.c.obj
 .comment       0x00000043       0x44 CMakeFiles/project.dir/Core/Src/system_stm32f1xx.c.obj

.debug_line_str
                0x00000000       0x42
 .debug_line_str
                0x00000000       0x42 CMakeFiles/project.dir/startup_stm32f103xb.s.obj
